C:/Users/benja/Documents/Projects/BWES3/05_CONTROL-ELECTRONICS/ESC-Software/Prototyping/Midas_LCD_Test/Core/Src/main.c:69:5:main	8	static
C:/Users/benja/Documents/Projects/BWES3/05_CONTROL-ELECTRONICS/ESC-Software/Prototyping/Midas_LCD_Test/Core/Src/main.c:117:6:SystemClock_Config	88	static
C:/Users/benja/Documents/Projects/BWES3/05_CONTROL-ELECTRONICS/ESC-Software/Prototyping/Midas_LCD_Test/Core/Src/main.c:164:13:MX_I2C1_Init	8	static
C:/Users/benja/Documents/Projects/BWES3/05_CONTROL-ELECTRONICS/ESC-Software/Prototyping/Midas_LCD_Test/Core/Src/main.c:198:13:MX_USART2_UART_Init	8	static
C:/Users/benja/Documents/Projects/BWES3/05_CONTROL-ELECTRONICS/ESC-Software/Prototyping/Midas_LCD_Test/Core/Src/main.c:231:13:MX_GPIO_Init	48	static
C:/Users/benja/Documents/Projects/BWES3/05_CONTROL-ELECTRONICS/ESC-Software/Prototyping/Midas_LCD_Test/Core/Src/main.c:273:6:Error_Handler	4	static
