C:/Users/benja/Documents/Projects/BWES3/05_CONTROL-ELECTRONICS/ESC-Software/Prototyping/Midas_LCD_Test/Core/Src/main.c:69:5:main	8	static
C:/Users/benja/Documents/Projects/BWES3/05_CONTROL-ELECTRONICS/ESC-Software/Prototyping/Midas_LCD_Test/Core/Src/main.c:115:6:SystemClock_Config	88	static
C:/Users/benja/Documents/Projects/BWES3/05_CONTROL-ELECTRONICS/ESC-Software/Prototyping/Midas_LCD_Test/Core/Src/main.c:162:13:MX_I2C1_Init	8	static
C:/Users/benja/Documents/Projects/BWES3/05_CONTROL-ELECTRONICS/ESC-Software/Prototyping/Midas_LCD_Test/Core/Src/main.c:196:13:MX_USART2_UART_Init	8	static
C:/Users/benja/Documents/Projects/BWES3/05_CONTROL-ELECTRONICS/ESC-Software/Prototyping/Midas_LCD_Test/Core/Src/main.c:229:13:MX_GPIO_Init	48	static
C:/Users/benja/Documents/Projects/BWES3/05_CONTROL-ELECTRONICS/ESC-Software/Prototyping/Midas_LCD_Test/Core/Src/main.c:271:6:Error_Handler	4	static
