Archive member included to satisfy reference by file (symbol)

C:/Program Files (x86)/Arm/GNU Toolchain mingw-w64-i686-arm-none-eabi/bin/../lib/gcc/arm-none-eabi/15.3.1/thumb/v7e-m+fp/hard\libgcc.a(_aeabi_uldivmod.o)
                              cmake/stm32cubemx/CMakeFiles/STM32_Drivers.dir/__/__/Drivers/STM32F4xx_HAL_Driver/Src/stm32f4xx_hal_rcc.c.obj (__aeabi_uldivmod)
C:/Program Files (x86)/Arm/GNU Toolchain mingw-w64-i686-arm-none-eabi/bin/../lib/gcc/arm-none-eabi/15.3.1/thumb/v7e-m+fp/hard\libgcc.a(_udivmoddi4.o)
                              C:/Program Files (x86)/Arm/GNU Toolchain mingw-w64-i686-arm-none-eabi/bin/../lib/gcc/arm-none-eabi/15.3.1/thumb/v7e-m+fp/hard\libgcc.a(_aeabi_uldivmod.o) (__udivmoddi4)
C:/Program Files (x86)/Arm/GNU Toolchain mingw-w64-i686-arm-none-eabi/bin/../lib/gcc/arm-none-eabi/15.3.1/thumb/v7e-m+fp/hard\libgcc.a(_dvmd_tls.o)
                              C:/Program Files (x86)/Arm/GNU Toolchain mingw-w64-i686-arm-none-eabi/bin/../lib/gcc/arm-none-eabi/15.3.1/thumb/v7e-m+fp/hard\libgcc.a(_aeabi_uldivmod.o) (__aeabi_ldiv0)
C:/Program Files (x86)/Arm/GNU Toolchain mingw-w64-i686-arm-none-eabi/bin/../lib/gcc/arm-none-eabi/15.3.1/../../../../arm-none-eabi/lib/thumb/v7e-m+fp/hard\libg_nano.a(libc_a-exit.o)
                              C:/Program Files (x86)/Arm/GNU Toolchain mingw-w64-i686-arm-none-eabi/bin/../lib/gcc/arm-none-eabi/15.3.1/../../../../arm-none-eabi/lib/thumb/v7e-m+fp/hard/crt0.o (exit)
C:/Program Files (x86)/Arm/GNU Toolchain mingw-w64-i686-arm-none-eabi/bin/../lib/gcc/arm-none-eabi/15.3.1/../../../../arm-none-eabi/lib/thumb/v7e-m+fp/hard\libg_nano.a(libc_a-findfp.o)
                              C:/Program Files (x86)/Arm/GNU Toolchain mingw-w64-i686-arm-none-eabi/bin/../lib/gcc/arm-none-eabi/15.3.1/../../../../arm-none-eabi/lib/thumb/v7e-m+fp/hard\libg_nano.a(libc_a-exit.o) (__stdio_exit_handler)
C:/Program Files (x86)/Arm/GNU Toolchain mingw-w64-i686-arm-none-eabi/bin/../lib/gcc/arm-none-eabi/15.3.1/../../../../arm-none-eabi/lib/thumb/v7e-m+fp/hard\libg_nano.a(libc_a-fwalk.o)
                              C:/Program Files (x86)/Arm/GNU Toolchain mingw-w64-i686-arm-none-eabi/bin/../lib/gcc/arm-none-eabi/15.3.1/../../../../arm-none-eabi/lib/thumb/v7e-m+fp/hard\libg_nano.a(libc_a-findfp.o) (_fwalk_sglue)
C:/Program Files (x86)/Arm/GNU Toolchain mingw-w64-i686-arm-none-eabi/bin/../lib/gcc/arm-none-eabi/15.3.1/../../../../arm-none-eabi/lib/thumb/v7e-m+fp/hard\libg_nano.a(libc_a-stdio.o)
                              C:/Program Files (x86)/Arm/GNU Toolchain mingw-w64-i686-arm-none-eabi/bin/../lib/gcc/arm-none-eabi/15.3.1/../../../../arm-none-eabi/lib/thumb/v7e-m+fp/hard\libg_nano.a(libc_a-findfp.o) (__sread)
C:/Program Files (x86)/Arm/GNU Toolchain mingw-w64-i686-arm-none-eabi/bin/../lib/gcc/arm-none-eabi/15.3.1/../../../../arm-none-eabi/lib/thumb/v7e-m+fp/hard\libg_nano.a(libc_a-memset.o)
                              C:/Program Files (x86)/Arm/GNU Toolchain mingw-w64-i686-arm-none-eabi/bin/../lib/gcc/arm-none-eabi/15.3.1/../../../../arm-none-eabi/lib/thumb/v7e-m+fp/hard/crt0.o (memset)
C:/Program Files (x86)/Arm/GNU Toolchain mingw-w64-i686-arm-none-eabi/bin/../lib/gcc/arm-none-eabi/15.3.1/../../../../arm-none-eabi/lib/thumb/v7e-m+fp/hard\libg_nano.a(libc_a-closer.o)
                              C:/Program Files (x86)/Arm/GNU Toolchain mingw-w64-i686-arm-none-eabi/bin/../lib/gcc/arm-none-eabi/15.3.1/../../../../arm-none-eabi/lib/thumb/v7e-m+fp/hard\libg_nano.a(libc_a-stdio.o) (_close_r)
C:/Program Files (x86)/Arm/GNU Toolchain mingw-w64-i686-arm-none-eabi/bin/../lib/gcc/arm-none-eabi/15.3.1/../../../../arm-none-eabi/lib/thumb/v7e-m+fp/hard\libg_nano.a(libc_a-reent.o)
                              C:/Program Files (x86)/Arm/GNU Toolchain mingw-w64-i686-arm-none-eabi/bin/../lib/gcc/arm-none-eabi/15.3.1/../../../../arm-none-eabi/lib/thumb/v7e-m+fp/hard\libg_nano.a(libc_a-closer.o) (errno)
C:/Program Files (x86)/Arm/GNU Toolchain mingw-w64-i686-arm-none-eabi/bin/../lib/gcc/arm-none-eabi/15.3.1/../../../../arm-none-eabi/lib/thumb/v7e-m+fp/hard\libg_nano.a(libc_a-impure.o)
                              C:/Program Files (x86)/Arm/GNU Toolchain mingw-w64-i686-arm-none-eabi/bin/../lib/gcc/arm-none-eabi/15.3.1/../../../../arm-none-eabi/lib/thumb/v7e-m+fp/hard\libg_nano.a(libc_a-reent.o) (_impure_ptr)
C:/Program Files (x86)/Arm/GNU Toolchain mingw-w64-i686-arm-none-eabi/bin/../lib/gcc/arm-none-eabi/15.3.1/../../../../arm-none-eabi/lib/thumb/v7e-m+fp/hard\libg_nano.a(libc_a-lseekr.o)
                              C:/Program Files (x86)/Arm/GNU Toolchain mingw-w64-i686-arm-none-eabi/bin/../lib/gcc/arm-none-eabi/15.3.1/../../../../arm-none-eabi/lib/thumb/v7e-m+fp/hard\libg_nano.a(libc_a-stdio.o) (_lseek_r)
C:/Program Files (x86)/Arm/GNU Toolchain mingw-w64-i686-arm-none-eabi/bin/../lib/gcc/arm-none-eabi/15.3.1/../../../../arm-none-eabi/lib/thumb/v7e-m+fp/hard\libg_nano.a(libc_a-readr.o)
[...]
Memory Configuration

Name             Origin             Length             Attributes
RAM              0x20000000         0x00018000         xrw
FLASH            0x08000000         0x00080000         xr
*default*        0x00000000         0xffffffff

Linker script and memory map

LOAD C:/Program Files (x86)/Arm/GNU Toolchain mingw-w64-i686-arm-none-eabi/bin/../lib/gcc/arm-none-eabi/15.3.1/thumb/v7e-m+fp/hard/crti.o
LOAD C:/Program Files (x86)/Arm/GNU Toolchain mingw-w64-i686-arm-none-eabi/bin/../lib/gcc/arm-none-eabi/15.3.1/thumb/v7e-m+fp/hard/crtbegin.o
LOAD C:/Program Files (x86)/Arm/GNU Toolchain mingw-w64-i686-arm-none-eabi/bin/../lib/gcc/arm-none-eabi/15.3.1/../../../../arm-none-eabi/lib/thumb/v7e-m+fp/hard/crt0.o
LOAD cmake/stm32cubemx/CMakeFiles/STM32_Drivers.dir/__/__/Core/Src/system_stm32f4xx.c.obj
LOAD cmake/stm32cubemx/CMakeFiles/STM32_Drivers.dir/__/__/Drivers/STM32F4xx_HAL_Driver/Src/stm32f4xx_hal_i2c.c.obj
LOAD cmake/stm32cubemx/CMakeFiles/STM32_Drivers.dir/__/__/Drivers/STM32F4xx_HAL_Driver/Src/stm32f4xx_hal_i2c_ex.c.obj
LOAD cmake/stm32cubemx/CMakeFiles/STM32_Drivers.dir/__/__/Drivers/STM32F4xx_HAL_Driver/Src/stm32f4xx_hal_rcc.c.obj
LOAD cmake/stm32cubemx/CMakeFiles/STM32_Drivers.dir/__/__/Drivers/STM32F4xx_HAL_Driver/Src/stm32f4xx_hal_rcc_ex.c.obj
LOAD cmake/stm32cubemx/CMakeFiles/STM32_Drivers.dir/__/__/Drivers/STM32F4xx_HAL_Driver/Src/stm32f4xx_hal_flash.c.obj
LOAD cmake/stm32cubemx/CMakeFiles/STM32_Drivers.dir/__/__/Drivers/STM32F4xx_HAL_Driver/Src/stm32f4xx_hal_flash_ex.c.obj
LOAD cmake/stm32cubemx/CMakeFiles/STM32_Drivers.dir/__/__/Drivers/STM32F4xx_HAL_Driver/Src/stm32f4xx_hal_flash_ramfunc.c.obj
LOAD cmake/stm32cubemx/CMakeFiles/STM32_Drivers.dir/__/__/Drivers/STM32F4xx_HAL_Driver/Src/stm32f4xx_hal_gpio.c.obj
LOAD cmake/stm32cubemx/CMakeFiles/STM32_Drivers.dir/__/__/Drivers/STM32F4xx_HAL_Driver/Src/stm32f4xx_hal_dma_ex.c.obj
LOAD cmake/stm32cubemx/CMakeFiles/STM32_Drivers.dir/__/__/Drivers/STM32F4xx_HAL_Driver/Src/stm32f4xx_hal_dma.c.obj
LOAD cmake/stm32cubemx/CMakeFiles/STM32_Drivers.dir/__/__/Drivers/STM32F4xx_HAL_Driver/Src/stm32f4xx_hal_pwr.c.obj
LOAD cmake/stm32cubemx/CMakeFiles/STM32_Drivers.dir/__/__/Drivers/STM32F4xx_HAL_Driver/Src/stm32f4xx_hal_pwr_ex.c.obj
LOAD cmake/stm32cubemx/CMakeFiles/STM32_Drivers.dir/__/__/Drivers/STM32F4xx_HAL_Driver/Src/stm32f4xx_hal_cortex.c.obj
LOAD cmake/stm32cubemx/CMakeFiles/STM32_Drivers.dir/__/__/Drivers/STM32F4xx_HAL_Driver/Src/stm32f4xx_hal.c.obj
LOAD cmake/stm32cubemx/CMakeFiles/STM32_Drivers.dir/__/__/Drivers/STM32F4xx_HAL_Driver/Src/stm32f4xx_hal_exti.c.obj
LOAD cmake/stm32cubemx/CMakeFiles/STM32_Drivers.dir/__/__/Drivers/STM32F4xx_HAL_Driver/Src/stm32f4xx_hal_uart.c.obj
LOAD CMakeFiles/Midas_LCD_Test.dir/Core/Src/main.c.obj
LOAD CMakeFiles/Midas_LCD_Test.dir/Core/Src/stm32f4xx_it.c.obj
LOAD CMakeFiles/Midas_LCD_Test.dir/Core/Src/stm32f4xx_hal_msp.c.obj
LOAD CMakeFiles/Midas_LCD_Test.dir/Core/Src/sysmem.c.obj
LOAD CMakeFiles/Midas_LCD_Test.dir/Core/Src/syscalls.c.obj
LOAD CMakeFiles/Midas_LCD_Test.dir/startup_stm32f401xe.s.obj
LOAD C:/Program Files (x86)/Arm/GNU Toolchain mingw-w64-i686-arm-none-eabi/bin/../lib/gcc/arm-none-eabi/15.3.1/../../../../arm-none-eabi/lib/thumb/v7e-m+fp/hard\libm.a
START GROUP
LOAD C:/Program Files (x86)/Arm/GNU Toolchain mingw-w64-i686-arm-none-eabi/bin/../lib/gcc/arm-none-eabi/15.3.1/thumb/v7e-m+fp/hard\libgcc.a
LOAD C:/Program Files (x86)/Arm/GNU Toolchain mingw-w64-i686-arm-none-eabi/bin/../lib/gcc/arm-none-eabi/15.3.1/../../../../arm-none-eabi/lib/thumb/v7e-m+fp/hard\libg_nano.a
LOAD C:/Program Files (x86)/Arm/GNU Toolchain mingw-w64-i686-arm-none-eabi/bin/../lib/gcc/arm-none-eabi/15.3.1/../../../../arm-none-eabi/lib/thumb/v7e-m+fp/hard\libc_nano.a
END GROUP
START GROUP
LOAD C:/Program Files (x86)/Arm/GNU Toolchain mingw-w64-i686-arm-none-eabi/bin/../lib/gcc/arm-none-eabi/15.3.1/thumb/v7e-m+fp/hard\libgcc.a
LOAD C:/Program Files (x86)/Arm/GNU Toolchain mingw-w64-i686-arm-none-eabi/bin/../lib/gcc/arm-none-eabi/15.3.1/../../../../arm-none-eabi/lib/thumb/v7e-m+fp/hard\libc_nano.a
END GROUP
LOAD C:/Program Files (x86)/Arm/GNU Toolchain mingw-w64-i686-arm-none-eabi/bin/../lib/gcc/arm-none-eabi/15.3.1/thumb/v7e-m+fp/hard/crtend.o
LOAD C:/Program Files (x86)/Arm/GNU Toolchain mingw-w64-i686-arm-none-eabi/bin/../lib/gcc/arm-none-eabi/15.3.1/thumb/v7e-m+fp/hard/crtn.o
                0x20018000                        _estack = (ORIGIN (RAM) + LENGTH (RAM))
                0x20017c00                        _sstack = (_estack - _Min_Stack_Size)
                0x00000200                        _Min_Heap_Size = 0x200
                0x00000400                        _Min_Stack_Size = 0x400

.isr_vector     0x08000000      0x194
                0x08000000                        . = ALIGN (0x4)
 *(.isr_vector)
 .isr_vector    0x08000000      0x194 CMakeFiles/Midas_LCD_Test.dir/startup_stm32f401xe.s.obj
                0x08000000                g_pfnVectors
                0x08000194                        . = ALIGN (0x4)

.text           0x08000194     0x20c4
                0x08000194                        . = ALIGN (0x4)
 *(.text)
 .text          0x08000194       0x30 C:/Program Files (x86)/Arm/GNU Toolchain mingw-w64-i686-arm-none-eabi/bin/../lib/gcc/arm-none-eabi/15.3.1/thumb/v7e-m+fp/hard\libgcc.a(_aeabi_uldivmod.o)
                0x08000194                __aeabi_uldivmod
 .text          0x080001c4        0x4 C:/Program Files (x86)/Arm/GNU Toolchain mingw-w64-i686-arm-none-eabi/bin/../lib/gcc/arm-none-eabi/15.3.1/thumb/v7e-m+fp/hard\libgcc.a(_dvmd_tls.o)
                0x080001c4                __aeabi_idiv0
                0x080001c4                __aeabi_ldiv0
 *(.text*)
 .text.deregister_tm_clones
                0x080001c8       0x1c C:/Program Files (x86)/Arm/GNU Toolchain mingw-w64-i686-arm-none-eabi/bin/../lib/gcc/arm-none-eabi/15.3.1/thumb/v7e-m+fp/hard/crtbegin.o
 .text.register_tm_clones
                0x080001e4       0x24 C:/Program Files (x86)/Arm/GNU Toolchain mingw-w64-i686-arm-none-eabi/bin/../lib/gcc/arm-none-eabi/15.3.1/thumb/v7e-m+fp/hard/crtbegin.o
 .text.__do_global_dtors_aux
                0x08000208       0x28 C:/Program Files (x86)/Arm/GNU Toolchain mingw-w64-i686-arm-none-eabi/bin/../lib/gcc/arm-none-eabi/15.3.1/thumb/v7e-m+fp/hard/crtbegin.o
 .text.frame_dummy
                0x08000230       0x24 C:/Program Files (x86)/Arm/GNU Toolchain mingw-w64-i686-arm-none-eabi/bin/../lib/gcc/arm-none-eabi/15.3.1/thumb/v7e-m+fp/hard/crtbegin.o
 .text.SystemInit
                0x08000254       0x20 cmake/stm32cubemx/CMakeFiles/STM32_Drivers.dir/__/__/Core/Src/system_stm32f4xx.c.obj
                0x08000254                SystemInit
 .text.HAL_I2C_Init
                0x08000274      0x288 cmake/stm32cubemx/CMakeFiles/STM32_Drivers.dir/__/__/Drivers/STM32F4xx_HAL_Driver/Src/stm32f4xx_hal_i2c.c.obj
                0x08000274                HAL_I2C_Init
 .text.HAL_RCC_OscConfig
                0x080004fc      0x4f0 cmake/stm32cubemx/CMakeFiles/STM32_Drivers.dir/__/__/Drivers/STM32F4xx_HAL_Driver/Src/stm32f4xx_hal_rcc.c.obj
                0x080004fc                HAL_RCC_OscConfig
 .text.HAL_RCC_ClockConfig
                0x080009ec      0x1cc cmake/stm32cubemx/CMakeFiles/STM32_Drivers.dir/__/__/Drivers/STM32F4xx_HAL_Driver/Src/stm32f4xx_hal_rcc.c.obj
                0x080009ec                HAL_RCC_ClockConfig
 .text.HAL_RCC_GetSysClockFreq
                0x08000bb8      0x20c cmake/stm32cubemx/CMakeFiles/STM32_Drivers.dir/__/__/Drivers/STM32F4xx_HAL_Driver/Src/stm32f4xx_hal_rcc.c.obj
                0x08000bb8                HAL_RCC_GetSysClockFreq
 .text.HAL_RCC_GetHCLKFreq
                0x08000dc4       0x14 cmake/stm32cubemx/CMakeFiles/STM32_Drivers.dir/__/__/Drivers/STM32F4xx_HAL_Driver/Src/stm32f4xx_hal_rcc.c.obj
                0x08000dc4                HAL_RCC_GetHCLKFreq
 .text.HAL_RCC_GetPCLK1Freq
                0x08000dd8       0x28 cmake/stm32cubemx/CMakeFiles/STM32_Drivers.dir/__/__/Drivers/STM32F4xx_HAL_Driver/Src/stm32f4xx_hal_rcc.c.obj
                0x08000dd8                HAL_RCC_GetPCLK1Freq
 .text.HAL_RCC_GetPCLK2Freq
                0x08000e00       0x28 cmake/stm32cubemx/CMakeFiles/STM32_Drivers.dir/__/__/Drivers/STM32F4xx_HAL_Driver/Src/stm32f4xx_hal_rcc.c.obj
                0x08000e00                HAL_RCC_GetPCLK2Freq
 .text.HAL_GPIO_Init
                0x08000e28      0x304 cmake/stm32cubemx/CMakeFiles/STM32_Drivers.dir/__/__/Drivers/STM32F4xx_HAL_Driver/Src/stm32f4xx_hal_gpio.c.obj
                0x08000e28                HAL_GPIO_Init
 .text.HAL_GPIO_WritePin
                0x0800112c       0x30 cmake/stm32cubemx/CMakeFiles/STM32_Drivers.dir/__/__/Drivers/STM32F4xx_HAL_Driver/Src/stm32f4xx_hal_gpio.c.obj
                0x0800112c                HAL_GPIO_WritePin
 .text.HAL_GPIO_TogglePin
                0x0800115c       0x32 cmake/stm32cubemx/CMakeFiles/STM32_Drivers.dir/__/__/Drivers/STM32F4xx_HAL_Driver/Src/stm32f4xx_hal_gpio.c.obj
                0x0800115c                HAL_GPIO_TogglePin
 *fill*         0x0800118e        0x2 
 .text.__NVIC_SetPriorityGrouping
                0x08001190       0x48 cmake/stm32cubemx/CMakeFiles/STM32_Drivers.dir/__/__/Drivers/STM32F4xx_HAL_Driver/Src/stm32f4xx_hal_cortex.c.obj
 .text.__NVIC_GetPriorityGrouping
                0x080011d8       0x1c cmake/stm32cubemx/CMakeFiles/STM32_Drivers.dir/__/__/Drivers/STM32F4xx_HAL_Driver/Src/stm32f4xx_hal_cortex.c.obj
 .text.__NVIC_SetPriority
                0x080011f4       0x54 cmake/stm32cubemx/CMakeFiles/STM32_Drivers.dir/__/__/Drivers/STM32F4xx_HAL_Driver/Src/stm32f4xx_hal_cortex.c.obj
 .text.NVIC_EncodePriority
                0x08001248       0x6e cmake/stm32cubemx/CMakeFiles/STM32_Drivers.dir/__/__/Drivers/STM32F4xx_HAL_Driver/Src/stm32f4xx_hal_cortex.c.obj
 *fill*         0x080012b6        0x2 
 .text.SysTick_Config
                0x080012b8       0x44 cmake/stm32cubemx/CMakeFiles/STM32_Drivers.dir/__/__/Drivers/STM32F4xx_HAL_Driver/Src/stm32f4xx_hal_cortex.c.obj
 .text.HAL_NVIC_SetPriorityGrouping
                0x080012fc       0x16 cmake/stm32cubemx/CMakeFiles/STM32_Drivers.dir/__/__/Drivers/STM32F4xx_HAL_Driver/Src/stm32f4xx_hal_cortex.c.obj
                0x080012fc                HAL_NVIC_SetPriorityGrouping
 .text.HAL_NVIC_SetPriority
                0x08001312       0x38 cmake/stm32cubemx/CMakeFiles/STM32_Drivers.dir/__/__/Drivers/STM32F4xx_HAL_Driver/Src/stm32f4xx_hal_cortex.c.obj
                0x08001312                HAL_NVIC_SetPriority
 .text.HAL_SYSTICK_Config
                0x0800134a       0x18 cmake/stm32cubemx/CMakeFiles/STM32_Drivers.dir/__/__/Drivers/STM32F4xx_HAL_Driver/Src/stm32f4xx_hal_cortex.c.obj
                0x0800134a                HAL_SYSTICK_Config
 *fill*         0x08001362        0x2 
 .text.HAL_Init
                0x08001364       0x44 cmake/stm32cubemx/CMakeFiles/STM32_Drivers.dir/__/__/Drivers/STM32F4xx_HAL_Driver/Src/stm32f4xx_hal.c.obj
                0x08001364                HAL_Init
 .text.HAL_InitTick
                0x080013a8       0x60 cmake/stm32cubemx/CMakeFiles/STM32_Drivers.dir/__/__/Drivers/STM32F4xx_HAL_Driver/Src/stm32f4xx_hal.c.obj
                0x080013a8                HAL_InitTick
 .text.HAL_IncTick
                0x08001408       0x24 cmake/stm32cubemx/CMakeFiles/STM32_Drivers.dir/__/__/Drivers/STM32F4xx_HAL_Driver/Src/stm32f4xx_hal.c.obj
                0x08001408                HAL_IncTick
 .text.HAL_GetTick
                0x0800142c       0x14 cmake/stm32cubemx/CMakeFiles/STM32_Drivers.dir/__/__/Drivers/STM32F4xx_HAL_Driver/Src/stm32f4xx_hal.c.obj
                0x0800142c                HAL_GetTick
 .text.HAL_Delay
                0x08001440       0x48 cmake/stm32cubemx/CMakeFiles/STM32_Drivers.dir/__/__/Drivers/STM32F4xx_HAL_Driver/Src/stm32f4xx_hal.c.obj
                0x08001440                HAL_Delay
 .text.HAL_UART_Init
                0x08001488       0xa0 cmake/stm32cubemx/CMakeFiles/STM32_Drivers.dir/__/__/Drivers/STM32F4xx_HAL_Driver/Src/stm32f4xx_hal_uart.c.obj
                0x08001488                HAL_UART_Init
 .text.UART_SetConfig
                0x08001528      0x4e8 cmake/stm32cubemx/CMakeFiles/STM32_Drivers.dir/__/__/Drivers/STM32F4xx_HAL_Driver/Src/stm32f4xx_hal_uart.c.obj
 .text.main     0x08001a10       0x30 CMakeFiles/Midas_LCD_Test.dir/Core/Src/main.c.obj
                0x08001a10                main
 .text.SystemClock_Config
                0x08001a40       0xd8 CMakeFiles/Midas_LCD_Test.dir/Core/Src/main.c.obj
                0x08001a40                SystemClock_Config
 .text.MX_I2C1_Init
                0x08001b18       0x5c CMakeFiles/Midas_LCD_Test.dir/Core/Src/main.c.obj
 .text.MX_USART2_UART_Init
                0x08001b74       0x54 CMakeFiles/Midas_LCD_Test.dir/Core/Src/main.c.obj
 .text.MX_GPIO_Init
                0x08001bc8       0xdc CMakeFiles/Midas_LCD_Test.dir/Core/Src/main.c.obj
 .text.Error_Handler
                0x08001ca4        0xc CMakeFiles/Midas_LCD_Test.dir/Core/Src/main.c.obj
                0x08001ca4                Error_Handler
 .text.NMI_Handler
                0x08001cb0        0x8 CMakeFiles/Midas_LCD_Test.dir/Core/Src/stm32f4xx_it.c.obj
                0x08001cb0                NMI_Handler
 .text.HardFault_Handler
                0x08001cb8        0x8 CMakeFiles/Midas_LCD_Test.dir/Core/Src/stm32f4xx_it.c.obj
                0x08001cb8                HardFault_Handler
 .text.MemManage_Handler
                0x08001cc0        0x8 CMakeFiles/Midas_LCD_Test.dir/Core/Src/stm32f4xx_it.c.obj
                0x08001cc0                MemManage_Handler
 .text.BusFault_Handler
                0x08001cc8        0x8 CMakeFiles/Midas_LCD_Test.dir/Core/Src/stm32f4xx_it.c.obj
                0x08001cc8                BusFault_Handler
 .text.UsageFault_Handler
                0x08001cd0        0x8 CMakeFiles/Midas_LCD_Test.dir/Core/Src/stm32f4xx_it.c.obj
                0x08001cd0                UsageFault_Handler
 .text.SVC_Handler
                0x08001cd8        0xc CMakeFiles/Midas_LCD_Test.dir/Core/Src/stm32f4xx_it.c.obj
                0x08001cd8                SVC_Handler
 .text.DebugMon_Handler
                0x08001ce4        0xc CMakeFiles/Midas_LCD_Test.dir/Core/Src/stm32f4xx_it.c.obj
                0x08001ce4                DebugMon_Handler
 .text.PendSV_Handler
                0x08001cf0        0xc CMakeFiles/Midas_LCD_Test.dir/Core/Src/stm32f4xx_it.c.obj
                0x08001cf0                PendSV_Handler
 .text.SysTick_Handler
                0x08001cfc        0xc CMakeFiles/Midas_LCD_Test.dir/Core/Src/stm32f4xx_it.c.obj
                0x08001cfc                SysTick_Handler
 .text.HAL_MspInit
                0x08001d08       0x4c CMakeFiles/Midas_LCD_Test.dir/Core/Src/stm32f4xx_hal_msp.c.obj
                0x08001d08                HAL_MspInit
 .text.HAL_I2C_MspInit
                0x08001d54       0x90 CMakeFiles/Midas_LCD_Test.dir/Core/Src/stm32f4xx_hal_msp.c.obj
                0x08001d54                HAL_I2C_MspInit
 .text.HAL_UART_MspInit
                0x08001de4       0x90 CMakeFiles/Midas_LCD_Test.dir/Core/Src/stm32f4xx_hal_msp.c.obj
                0x08001de4                HAL_UART_MspInit
 .text.Reset_Handler
                0x08001e74       0x50 CMakeFiles/Midas_LCD_Test.dir/startup_stm32f401xe.s.obj
                0x08001e74                Reset_Handler
 .text.Default_Handler
                0x08001ec4        0x2 CMakeFiles/Midas_LCD_Test.dir/startup_stm32f401xe.s.obj
                0x08001ec4                RTC_Alarm_IRQHandler
                0x08001ec4                EXTI2_IRQHandler
                0x08001ec4                SPI4_IRQHandler
                0x08001ec4                TIM1_CC_IRQHandler
                0x08001ec4                DMA2_Stream5_IRQHandler
                0x08001ec4                DMA1_Stream5_IRQHandler
                0x08001ec4                PVD_IRQHandler
                0x08001ec4                SDIO_IRQHandler
                0x08001ec4                TAMP_STAMP_IRQHandler
                0x08001ec4                EXTI3_IRQHandler
                0x08001ec4                TIM1_UP_TIM10_IRQHandler
                0x08001ec4                I2C3_ER_IRQHandler
                0x08001ec4                EXTI0_IRQHandler
                0x08001ec4                I2C2_EV_IRQHandler
                0x08001ec4                DMA1_Stream2_IRQHandler
                0x08001ec4                FPU_IRQHandler
                0x08001ec4                DMA2_Stream2_IRQHandler
                0x08001ec4                SPI1_IRQHandler
                0x08001ec4                TIM1_BRK_TIM9_IRQHandler
                0x08001ec4                DMA2_Stream3_IRQHandler
                0x08001ec4                USART6_IRQHandler
                0x08001ec4                DMA2_Stream0_IRQHandler
                0x08001ec4                TIM4_IRQHandler
                0x08001ec4                I2C1_EV_IRQHandler
                0x08001ec4                DMA1_Stream6_IRQHandler
                0x08001ec4                DMA1_Stream1_IRQHandler
                0x08001ec4                TIM3_IRQHandler
                0x08001ec4                RCC_IRQHandler
                0x08001ec4                Default_Handler
                0x08001ec4                EXTI15_10_IRQHandler
                0x08001ec4                ADC_IRQHandler
                0x08001ec4                DMA1_Stream7_IRQHandler
                0x08001ec4                TIM5_IRQHandler
                0x08001ec4                DMA2_Stream7_IRQHandler
                0x08001ec4                I2C3_EV_IRQHandler
                0x08001ec4                EXTI9_5_IRQHandler
                0x08001ec4                RTC_WKUP_IRQHandler
                0x08001ec4                SPI2_IRQHandler
                0x08001ec4                DMA1_Stream0_IRQHandler
                0x08001ec4                EXTI4_IRQHandler
                0x08001ec4                WWDG_IRQHandler
                0x08001ec4                TIM2_IRQHandler
                0x08001ec4                OTG_FS_WKUP_IRQHandler
                0x08001ec4                TIM1_TRG_COM_TIM11_IRQHandler
                0x08001ec4                EXTI1_IRQHandler
                0x08001ec4                USART2_IRQHandler
                0x08001ec4                I2C2_ER_IRQHandler
                0x08001ec4                DMA2_Stream1_IRQHandler
                0x08001ec4                FLASH_IRQHandler
                0x08001ec4                DMA2_Stream4_IRQHandler
                0x08001ec4                USART1_IRQHandler
                0x08001ec4                OTG_FS_IRQHandler
                0x08001ec4                SPI3_IRQHandler
                0x08001ec4                DMA1_Stream4_IRQHandler
                0x08001ec4                I2C1_ER_IRQHandler
                0x08001ec4                DMA2_Stream6_IRQHandler
                0x08001ec4                DMA1_Stream3_IRQHandler
 *fill*         0x08001ec6        0x2 
 .text.__udivmoddi4
                0x08001ec8      0x320 C:/Program Files (x86)/Arm/GNU Toolchain mingw-w64-i686-arm-none-eabi/bin/../lib/gcc/arm-none-eabi/15.3.1/thumb/v7e-m+fp/hard\libgcc.a(_udivmoddi4.o)
                0x08001ec8                __udivmoddi4
 .text.memset   0x080021e8       0x10 C:/Program Files (x86)/Arm/GNU Toolchain mingw-w64-i686-arm-none-eabi/bin/../lib/gcc/arm-none-eabi/15.3.1/../../../../arm-none-eabi/lib/thumb/v7e-m+fp/hard\libg_nano.a(libc_a-memset.o)
                0x080021e8                memset
 .text.__libc_init_array
                0x080021f8       0x48 C:/Program Files (x86)/Arm/GNU Toolchain mingw-w64-i686-arm-none-eabi/bin/../lib/gcc/arm-none-eabi/15.3.1/../../../../arm-none-eabi/lib/thumb/v7e-m+fp/hard\libg_nano.a(libc_a-init.o)
                0x080021f8                __libc_init_array
 *(.glue_7)
 .glue_7        0x08002240        0x0 linker stubs
 *(.glue_7t)
 .glue_7t       0x08002240        0x0 linker stubs
 *(.eh_frame)
 .eh_frame      0x08002240        0x0 C:/Program Files (x86)/Arm/GNU Toolchain mingw-w64-i686-arm-none-eabi/bin/../lib/gcc/arm-none-eabi/15.3.1/thumb/v7e-m+fp/hard/crtbegin.o
 *(.init)
 .init          0x08002240        0x4 C:/Program Files (x86)/Arm/GNU Toolchain mingw-w64-i686-arm-none-eabi/bin/../lib/gcc/arm-none-eabi/15.3.1/thumb/v7e-m+fp/hard/crti.o
                0x08002240                _init
 .init          0x08002244        0x8 C:/Program Files (x86)/Arm/GNU Toolchain mingw-w64-i686-arm-none-eabi/bin/../lib/gcc/arm-none-eabi/15.3.1/thumb/v7e-m+fp/hard/crtn.o
 *(.fini)
 .fini          0x0800224c        0x4 C:/Program Files (x86)/Arm/GNU Toolchain mingw-w64-i686-arm-none-eabi/bin/../lib/gcc/arm-none-eabi/15.3.1/thumb/v7e-m+fp/hard/crti.o
                0x0800224c                _fini
 .fini          0x08002250        0x8 C:/Program Files (x86)/Arm/GNU Toolchain mingw-w64-i686-arm-none-eabi/bin/../lib/gcc/arm-none-eabi/15.3.1/thumb/v7e-m+fp/hard/crtn.o
                0x08002258                        . = ALIGN (0x4)
                0x08002258                        _etext = .

.vfp11_veneer   0x08002258        0x0
 .vfp11_veneer  0x08002258        0x0 linker stubs

.v4_bx          0x08002258        0x0
 .v4_bx         0x08002258        0x0 linker stubs

.iplt           0x08002258        0x0
 .iplt          0x08002258        0x0 C:/Program Files (x86)/Arm/GNU Toolchain mingw-w64-i686-arm-none-eabi/bin/../lib/gcc/arm-none-eabi/15.3.1/thumb/v7e-m+fp/hard/crtbegin.o

.rodata         0x08002258       0x18
                0x08002258                        . = ALIGN (0x4)
 *(.rodata)
 *(.rodata*)
 .rodata.AHBPrescTable
                0x08002258       0x10 cmake/stm32cubemx/CMakeFiles/STM32_Drivers.dir/__/__/Core/Src/system_stm32f4xx.c.obj
                0x08002258                AHBPrescTable
 .rodata.APBPrescTable
                0x08002268        0x8 cmake/stm32cubemx/CMakeFiles/STM32_Drivers.dir/__/__/Core/Src/system_stm32f4xx.c.obj
                0x08002268                APBPrescTable
                0x08002270                        . = ALIGN (0x4)

.ARM.extab      0x08002270        0x0
                0x08002270                        . = ALIGN (0x4)
 *(.ARM.extab* .gnu.linkonce.armextab.*)
                0x08002270                        . = ALIGN (0x4)

.ARM            0x08002270        0x8
                0x08002270                        . = ALIGN (0x4)
                0x08002270                        __exidx_start = .
 *(.ARM.exidx*)
 .ARM.exidx.text.__udivmoddi4
                0x08002270        0x8 C:/Program Files (x86)/Arm/GNU Toolchain mingw-w64-i686-arm-none-eabi/bin/../lib/gcc/arm-none-eabi/15.3.1/thumb/v7e-m+fp/hard\libgcc.a(_udivmoddi4.o)
                0x08002278                        __exidx_end = .
                0x08002278                        . = ALIGN (0x4)

.preinit_array  0x08002278        0x0
                0x08002278                        . = ALIGN (0x4)
                0x08002278                        PROVIDE (__preinit_array_start = .)
 *(.preinit_array*)
                0x08002278                        PROVIDE (__preinit_array_end = .)
                0x08002278                        . = ALIGN (0x4)

.init_array     0x08002278        0x4
                0x08002278                        . = ALIGN (0x4)
                0x08002278                        PROVIDE (__init_array_start = .)
 *(SORT_BY_NAME(.init_array.*))
 *(.init_array*)
 .init_array    0x08002278        0x4 C:/Program Files (x86)/Arm/GNU Toolchain mingw-w64-i686-arm-none-eabi/bin/../lib/gcc/arm-none-eabi/15.3.1/thumb/v7e-m+fp/hard/crtbegin.o
                0x0800227c                        PROVIDE (__init_array_end = .)
                0x0800227c                        . = ALIGN (0x4)

.fini_array     0x0800227c        0x4
                0x0800227c                        . = ALIGN (0x4)
                [!provide]                        PROVIDE (__fini_array_start = .)
 *(SORT_BY_NAME(.fini_array.*))
 *(.fini_array*)
 .fini_array    0x0800227c        0x4 C:/Program Files (x86)/Arm/GNU Toolchain mingw-w64-i686-arm-none-eabi/bin/../lib/gcc/arm-none-eabi/15.3.1/thumb/v7e-m+fp/hard/crtbegin.o
                [!provide]                        PROVIDE (__fini_array_end = .)
                0x08002280                        . = ALIGN (0x4)
                0x08002280                        _sidata = LOADADDR (.data)

.rel.dyn        0x08002280        0x0
 .rel.iplt      0x08002280        0x0 C:/Program Files (x86)/Arm/GNU Toolchain mingw-w64-i686-arm-none-eabi/bin/../lib/gcc/arm-none-eabi/15.3.1/thumb/v7e-m+fp/hard/crtbegin.o

.data           0x20000000        0xc load address 0x08002280
                0x20000000                        . = ALIGN (0x4)
                0x20000000                        _sdata = .
 *(.data)
 *(.data*)
 .data.SystemCoreClock
                0x20000000        0x4 cmake/stm32cubemx/CMakeFiles/STM32_Drivers.dir/__/__/Core/Src/system_stm32f4xx.c.obj
                0x20000000                SystemCoreClock
 .data.uwTickPrio
                0x20000004        0x4 cmake/stm32cubemx/CMakeFiles/STM32_Drivers.dir/__/__/Drivers/STM32F4xx_HAL_Driver/Src/stm32f4xx_hal.c.obj
                0x20000004                uwTickPrio
 .data.uwTickFreq
                0x20000008        0x1 cmake/stm32cubemx/CMakeFiles/STM32_Drivers.dir/__/__/Drivers/STM32F4xx_HAL_Driver/Src/stm32f4xx_hal.c.obj
                0x20000008                uwTickFreq
 *(.RamFunc)
 *(.RamFunc*)
                0x2000000c                        . = ALIGN (0x4)
 *fill*         0x20000009        0x3 

.tm_clone_table
                0x2000000c        0x0 load address 0x0800228c
 .tm_clone_table
                0x2000000c        0x0 C:/Program Files (x86)/Arm/GNU Toolchain mingw-w64-i686-arm-none-eabi/bin/../lib/gcc/arm-none-eabi/15.3.1/thumb/v7e-m+fp/hard/crtbegin.o
 .tm_clone_table
                0x2000000c        0x0 C:/Program Files (x86)/Arm/GNU Toolchain mingw-w64-i686-arm-none-eabi/bin/../lib/gcc/arm-none-eabi/15.3.1/thumb/v7e-m+fp/hard/crtend.o

.igot.plt       0x2000000c        0x0 load address 0x0800228c
 .igot.plt      0x2000000c        0x0 C:/Program Files (x86)/Arm/GNU Toolchain mingw-w64-i686-arm-none-eabi/bin/../lib/gcc/arm-none-eabi/15.3.1/thumb/v7e-m+fp/hard/crtbegin.o

.tdata          0x2000000c        0x0 load address 0x0800228c
 *(.tdata .tdata.* .gnu.linkonce.td.*)
                0x2000000c                        . = ALIGN (0x4)
                0x2000000c                        _edata = .
                [!provide]                        PROVIDE (__data_end = .)
                [!provide]                        PROVIDE (__tdata_end = .)
                [!provide]                        PROVIDE (__tdata_start = ADDR (.tdata))
                [!provide]                        PROVIDE (__tdata_size = (__tdata_end - __tdata_start))
                [!provide]                        PROVIDE (__data_start = ADDR (.data))
                [!provide]                        PROVIDE (__data_size = (__data_end - __data_start))
                [!provide]                        PROVIDE (__tdata_source = LOADADDR (.tdata))
                [!provide]                        PROVIDE (__tdata_source_end = (LOADADDR (.tdata) + SIZEOF (.tdata)))
                [!provide]                        PROVIDE (__tdata_source_size = (__tdata_source_end - __tdata_source))
                [!provide]                        PROVIDE (__data_source = LOADADDR (.data))
                [!provide]                        PROVIDE (__data_source_end = __tdata_source_end)
                [!provide]                        PROVIDE (__data_source_size = (__data_source_end - __data_source))

.tbss           0x2000000c        0x0 load address 0x0800228c
                0x2000000c                        _sbss = .
                0x2000000c                        __bss_start__ = _sbss
 *(.tbss .tbss.*)
                0x2000000c                        . = ALIGN (0x4)
                [!provide]                        PROVIDE (__tbss_end = .)
                [!provide]                        PROVIDE (__tbss_start = ADDR (.tbss))
                [!provide]                        PROVIDE (__tbss_size = (__tbss_end - __tbss_start))
                [!provide]                        PROVIDE (__tbss_offset = (ADDR (.tbss) - ADDR (.tdata)))
                [!provide]                        PROVIDE (__tls_base = __tdata_start)
                [!provide]                        PROVIDE (__tls_end = __tbss_end)
                [!provide]                        PROVIDE (__tls_size = (__tls_end - __tls_base))
                [!provide]                        PROVIDE (__tls_align = MAX (ALIGNOF (.tdata), ALIGNOF (.tbss)))
                [!provide]                        PROVIDE (__tls_size_align = (((__tls_size + __tls_align) - 0x1) & ~ ((__tls_align - 0x1))))
                [!provide]                        PROVIDE (__arm32_tls_tcb_offset = MAX (0x8, __tls_align))
                [!provide]                        PROVIDE (__arm64_tls_tcb_offset = MAX (0x10, __tls_align))

.bss            0x2000000c       0xbc load address 0x0800228c
 *(.bss)
 *(.bss*)
 .bss.completed.1
                0x2000000c        0x1 C:/Program Files (x86)/Arm/GNU Toolchain mingw-w64-i686-arm-none-eabi/bin/../lib/gcc/arm-none-eabi/15.3.1/thumb/v7e-m+fp/hard/crtbegin.o
 *fill*         0x2000000d        0x3 
 .bss.object.0  0x20000010       0x18 C:/Program Files (x86)/Arm/GNU Toolchain mingw-w64-i686-arm-none-eabi/bin/../lib/gcc/arm-none-eabi/15.3.1/thumb/v7e-m+fp/hard/crtbegin.o
 .bss.uwTick    0x20000028        0x4 cmake/stm32cubemx/CMakeFiles/STM32_Drivers.dir/__/__/Drivers/STM32F4xx_HAL_Driver/Src/stm32f4xx_hal.c.obj
                0x20000028                uwTick
 .bss.hi2c1     0x2000002c       0x54 CMakeFiles/Midas_LCD_Test.dir/Core/Src/main.c.obj
                0x2000002c                hi2c1
 .bss.huart2    0x20000080       0x48 CMakeFiles/Midas_LCD_Test.dir/Core/Src/main.c.obj
                0x20000080                huart2
 *(COMMON)
                0x200000c8                        . = ALIGN (0x4)
                0x200000c8                        _ebss = .
                0x200000c8                        __bss_end__ = _ebss
                [!provide]                        PROVIDE (__bss_end = .)
                [!provide]                        PROVIDE (__non_tls_bss_start = ADDR (.bss))
                [!provide]                        PROVIDE (__bss_start = __tbss_start)
                [!provide]                        PROVIDE (__bss_size = (__bss_end - __bss_start))

._user_heap_stack
                0x200000c8      0x600 load address 0x0800228c
                0x200000c8                        . = ALIGN (0x8)
                [!provide]                        PROVIDE (end = .)
                0x200000c8                        PROVIDE (_end = .)
                0x200002c8                        . = (. + _Min_Heap_Size)
 *fill*         0x200000c8      0x200 
                0x200006c8                        . = (. + _Min_Stack_Size)
 *fill*         0x200002c8      0x400 
                0x200006c8                        . = ALIGN (0x8)

/DISCARD/
 libc.a:*(*)
 libm.a:*(*)
 libgcc.a:*(*)
OUTPUT(Midas_LCD_Test.elf elf32-littlearm)
LOAD linker stubs

.ARM.attributes
                0x00000000       0x30
 .ARM.attributes
                0x00000000       0x22 C:/Program Files (x86)/Arm/GNU Toolchain mingw-w64-i686-arm-none-eabi/bin/../lib/gcc/arm-none-eabi/15.3.1/thumb/v7e-m+fp/hard/crti.o
 .ARM.attributes
                0x00000022       0x34 C:/Program Files (x86)/Arm/GNU Toolchain mingw-w64-i686-arm-none-eabi/bin/../lib/gcc/arm-none-eabi/15.3.1/thumb/v7e-m+fp/hard/crtbegin.o
 .ARM.attributes
                0x00000056       0x34 cmake/stm32cubemx/CMakeFiles/STM32_Drivers.dir/__/__/Core/Src/system_stm32f4xx.c.obj
 .ARM.attributes
                0x0000008a       0x34 cmake/stm32cubemx/CMakeFiles/STM32_Drivers.dir/__/__/Drivers/STM32F4xx_HAL_Driver/Src/stm32f4xx_hal_i2c.c.obj
 .ARM.attributes
                0x000000be       0x34 cmake/stm32cubemx/CMakeFiles/STM32_Drivers.dir/__/__/Drivers/STM32F4xx_HAL_Driver/Src/stm32f4xx_hal_rcc.c.obj
 .ARM.attributes
                0x000000f2       0x34 cmake/stm32cubemx/CMakeFiles/STM32_Drivers.dir/__/__/Drivers/STM32F4xx_HAL_Driver/Src/stm32f4xx_hal_gpio.c.obj
 .ARM.attributes
                0x00000126       0x34 cmake/stm32cubemx/CMakeFiles/STM32_Drivers.dir/__/__/Drivers/STM32F4xx_HAL_Driver/Src/stm32f4xx_hal_cortex.c.obj
 .ARM.attributes
                0x0000015a       0x34 cmake/stm32cubemx/CMakeFiles/STM32_Drivers.dir/__/__/Drivers/STM32F4xx_HAL_Driver/Src/stm32f4xx_hal.c.obj
 .ARM.attributes
                0x0000018e       0x34 cmake/stm32cubemx/CMakeFiles/STM32_Drivers.dir/__/__/Drivers/STM32F4xx_HAL_Driver/Src/stm32f4xx_hal_uart.c.obj
 .ARM.attributes
                0x000001c2       0x34 CMakeFiles/Midas_LCD_Test.dir/Core/Src/main.c.obj
 .ARM.attributes
                0x000001f6       0x34 CMakeFiles/Midas_LCD_Test.dir/Core/Src/stm32f4xx_it.c.obj
 .ARM.attributes
                0x0000022a       0x34 CMakeFiles/Midas_LCD_Test.dir/Core/Src/stm32f4xx_hal_msp.c.obj
 .ARM.attributes
                0x0000025e       0x21 CMakeFiles/Midas_LCD_Test.dir/startup_stm32f401xe.s.obj
 .ARM.attributes
                0x0000027f       0x22 C:/Program Files (x86)/Arm/GNU Toolchain mingw-w64-i686-arm-none-eabi/bin/../lib/gcc/arm-none-eabi/15.3.1/thumb/v7e-m+fp/hard\libgcc.a(_aeabi_uldivmod.o)
 .ARM.attributes
                0x000002a1       0x34 C:/Program Files (x86)/Arm/GNU Toolchain mingw-w64-i686-arm-none-eabi/bin/../lib/gcc/arm-none-eabi/15.3.1/thumb/v7e-m+fp/hard\libgcc.a(_udivmoddi4.o)
 .ARM.attributes
                0x000002d5       0x22 C:/Program Files (x86)/Arm/GNU Toolchain mingw-w64-i686-arm-none-eabi/bin/../lib/gcc/arm-none-eabi/15.3.1/thumb/v7e-m+fp/hard\libgcc.a(_dvmd_tls.o)
 .ARM.attributes
                0x000002f7       0x34 C:/Program Files (x86)/Arm/GNU Toolchain mingw-w64-i686-arm-none-eabi/bin/../lib/gcc/arm-none-eabi/15.3.1/../../../../arm-none-eabi/lib/thumb/v7e-m+fp/hard\libg_nano.a(libc_a-memset.o)
 .ARM.attributes
                0x0000032b       0x34 C:/Program Files (x86)/Arm/GNU Toolchain mingw-w64-i686-arm-none-eabi/bin/../lib/gcc/arm-none-eabi/15.3.1/../../../../arm-none-eabi/lib/thumb/v7e-m+fp/hard\libg_nano.a(libc_a-init.o)
 .ARM.attributes
                0x0000035f       0x34 C:/Program Files (x86)/Arm/GNU Toolchain mingw-w64-i686-arm-none-eabi/bin/../lib/gcc/arm-none-eabi/15.3.1/thumb/v7e-m+fp/hard/crtend.o
 .ARM.attributes
                0x00000393       0x22 C:/Program Files (x86)/Arm/GNU Toolchain mingw-w64-i686-arm-none-eabi/bin/../lib/gcc/arm-none-eabi/15.3.1/thumb/v7e-m+fp/hard/crtn.o

.comment        0x00000000       0x46
 .comment       0x00000000       0x46 cmake/stm32cubemx/CMakeFiles/STM32_Drivers.dir/__/__/Core/Src/system_stm32f4xx.c.obj
                                 0x47 (size before relaxing)
 .comment       0x00000046        0x0 cmake/stm32cubemx/CMakeFiles/STM32_Drivers.dir/__/__/Drivers/STM32F4xx_HAL_Driver/Src/stm32f4xx_hal_i2c.c.obj
                                 0x47 (size before relaxing)
 .comment       0x00000046        0x0 cmake/stm32cubemx/CMakeFiles/STM32_Drivers.dir/__/__/Drivers/STM32F4xx_HAL_Driver/Src/stm32f4xx_hal_rcc.c.obj
                                 0x47 (size before relaxing)
 .comment       0x00000046        0x0 cmake/stm32cubemx/CMakeFiles/STM32_Drivers.dir/__/__/Drivers/STM32F4xx_HAL_Driver/Src/stm32f4xx_hal_gpio.c.obj
                                 0x47 (size before relaxing)
 .comment       0x00000046        0x0 cmake/stm32cubemx/CMakeFiles/STM32_Drivers.dir/__/__/Drivers/STM32F4xx_HAL_Driver/Src/stm32f4xx_hal_cortex.c.obj
                                 0x47 (size before relaxing)
 .comment       0x00000046        0x0 cmake/stm32cubemx/CMakeFiles/STM32_Drivers.dir/__/__/Drivers/STM32F4xx_HAL_Driver/Src/stm32f4xx_hal.c.obj
                                 0x47 (size before relaxing)
 .comment       0x00000046        0x0 cmake/stm32cubemx/CMakeFiles/STM32_Drivers.dir/__/__/Drivers/STM32F4xx_HAL_Driver/Src/stm32f4xx_hal_uart.c.obj
                                 0x47 (size before relaxing)
 .comment       0x00000046        0x0 CMakeFiles/Midas_LCD_Test.dir/Core/Src/main.c.obj
                                 0x47 (size before relaxing)
 .comment       0x00000046        0x0 CMakeFiles/Midas_LCD_Test.dir/Core/Src/stm32f4xx_it.c.obj
                                 0x47 (size before relaxing)
 .comment       0x00000046        0x0 CMakeFiles/Midas_LCD_Test.dir/Core/Src/stm32f4xx_hal_msp.c.obj
                                 0x47 (size before relaxing)

.debug_info     0x00000000     0x9aa5
 .debug_info    0x00000000      0x53e cmake/stm32cubemx/CMakeFiles/STM32_Drivers.dir/__/__/Core/Src/system_stm32f4xx.c.obj
 .debug_info    0x0000053e     0x2426 cmake/stm32cubemx/CMakeFiles/STM32_Drivers.dir/__/__/Drivers/STM32F4xx_HAL_Driver/Src/stm32f4xx_hal_i2c.c.obj
 .debug_info    0x00002964      0x905 cmake/stm32cubemx/CMakeFiles/STM32_Drivers.dir/__/__/Drivers/STM32F4xx_HAL_Driver/Src/stm32f4xx_hal_rcc.c.obj
 .debug_info    0x00003269      0x6f9 cmake/stm32cubemx/CMakeFiles/STM32_Drivers.dir/__/__/Drivers/STM32F4xx_HAL_Driver/Src/stm32f4xx_hal_gpio.c.obj
 .debug_info    0x00003962      0xcf6 cmake/stm32cubemx/CMakeFiles/STM32_Drivers.dir/__/__/Drivers/STM32F4xx_HAL_Driver/Src/stm32f4xx_hal_cortex.c.obj
 .debug_info    0x00004658      0x8bb cmake/stm32cubemx/CMakeFiles/STM32_Drivers.dir/__/__/Drivers/STM32F4xx_HAL_Driver/Src/stm32f4xx_hal.c.obj
 .debug_info    0x00004f13     0x2f56 cmake/stm32cubemx/CMakeFiles/STM32_Drivers.dir/__/__/Drivers/STM32F4xx_HAL_Driver/Src/stm32f4xx_hal_uart.c.obj
 .debug_info    0x00007e69      0xec0 CMakeFiles/Midas_LCD_Test.dir/Core/Src/main.c.obj
 .debug_info    0x00008d29      0x112 CMakeFiles/Midas_LCD_Test.dir/Core/Src/stm32f4xx_it.c.obj
 .debug_info    0x00008e3b      0xc3a CMakeFiles/Midas_LCD_Test.dir/Core/Src/stm32f4xx_hal_msp.c.obj
 .debug_info    0x00009a75       0x30 CMakeFiles/Midas_LCD_Test.dir/startup_stm32f401xe.s.obj

.debug_abbrev   0x00000000     0x156d
 .debug_abbrev  0x00000000      0x11a cmake/stm32cubemx/CMakeFiles/STM32_Drivers.dir/__/__/Core/Src/system_stm32f4xx.c.obj
 .debug_abbrev  0x0000011a      0x2bc cmake/stm32cubemx/CMakeFiles/STM32_Drivers.dir/__/__/Drivers/STM32F4xx_HAL_Driver/Src/stm32f4xx_hal_i2c.c.obj
 .debug_abbrev  0x000003d6      0x2b6 cmake/stm32cubemx/CMakeFiles/STM32_Drivers.dir/__/__/Drivers/STM32F4xx_HAL_Driver/Src/stm32f4xx_hal_rcc.c.obj
 .debug_abbrev  0x0000068c      0x1d3 cmake/stm32cubemx/CMakeFiles/STM32_Drivers.dir/__/__/Drivers/STM32F4xx_HAL_Driver/Src/stm32f4xx_hal_gpio.c.obj
 .debug_abbrev  0x0000085f      0x31d cmake/stm32cubemx/CMakeFiles/STM32_Drivers.dir/__/__/Drivers/STM32F4xx_HAL_Driver/Src/stm32f4xx_hal_cortex.c.obj
 .debug_abbrev  0x00000b7c      0x24b cmake/stm32cubemx/CMakeFiles/STM32_Drivers.dir/__/__/Drivers/STM32F4xx_HAL_Driver/Src/stm32f4xx_hal.c.obj
 .debug_abbrev  0x00000dc7      0x31b cmake/stm32cubemx/CMakeFiles/STM32_Drivers.dir/__/__/Drivers/STM32F4xx_HAL_Driver/Src/stm32f4xx_hal_uart.c.obj
 .debug_abbrev  0x000010e2      0x248 CMakeFiles/Midas_LCD_Test.dir/Core/Src/main.c.obj
 .debug_abbrev  0x0000132a       0x73 CMakeFiles/Midas_LCD_Test.dir/Core/Src/stm32f4xx_it.c.obj
 .debug_abbrev  0x0000139d      0x1ac CMakeFiles/Midas_LCD_Test.dir/Core/Src/stm32f4xx_hal_msp.c.obj
 .debug_abbrev  0x00001549       0x24 CMakeFiles/Midas_LCD_Test.dir/startup_stm32f401xe.s.obj

.debug_aranges  0x00000000      0x8e8
 .debug_aranges
                0x00000000       0x28 cmake/stm32cubemx/CMakeFiles/STM32_Drivers.dir/__/__/Core/Src/system_stm32f4xx.c.obj
 .debug_aranges
                0x00000028      0x2a8 cmake/stm32cubemx/CMakeFiles/STM32_Drivers.dir/__/__/Drivers/STM32F4xx_HAL_Driver/Src/stm32f4xx_hal_i2c.c.obj
 .debug_aranges
                0x000002d0       0x88 cmake/stm32cubemx/CMakeFiles/STM32_Drivers.dir/__/__/Drivers/STM32F4xx_HAL_Driver/Src/stm32f4xx_hal_rcc.c.obj
 .debug_aranges
                0x00000358       0x58 cmake/stm32cubemx/CMakeFiles/STM32_Drivers.dir/__/__/Drivers/STM32F4xx_HAL_Driver/Src/stm32f4xx_hal_gpio.c.obj
 .debug_aranges
                0x000003b0      0x130 cmake/stm32cubemx/CMakeFiles/STM32_Drivers.dir/__/__/Drivers/STM32F4xx_HAL_Driver/Src/stm32f4xx_hal_cortex.c.obj
 .debug_aranges
                0x000004e0       0xf0 cmake/stm32cubemx/CMakeFiles/STM32_Drivers.dir/__/__/Drivers/STM32F4xx_HAL_Driver/Src/stm32f4xx_hal.c.obj
 .debug_aranges
                0x000005d0      0x208 cmake/stm32cubemx/CMakeFiles/STM32_Drivers.dir/__/__/Drivers/STM32F4xx_HAL_Driver/Src/stm32f4xx_hal_uart.c.obj
 .debug_aranges
                0x000007d8       0x48 CMakeFiles/Midas_LCD_Test.dir/Core/Src/main.c.obj
 .debug_aranges
                0x00000820       0x60 CMakeFiles/Midas_LCD_Test.dir/Core/Src/stm32f4xx_it.c.obj
 .debug_aranges
                0x00000880       0x40 CMakeFiles/Midas_LCD_Test.dir/Core/Src/stm32f4xx_hal_msp.c.obj
 .debug_aranges
                0x000008c0       0x28 CMakeFiles/Midas_LCD_Test.dir/startup_stm32f401xe.s.obj

.debug_rnglists
                0x00000000      0x701
 .debug_rnglists
                0x00000000       0x1a cmake/stm32cubemx/CMakeFiles/STM32_Drivers.dir/__/__/Core/Src/system_stm32f4xx.c.obj
 .debug_rnglists
                0x0000001a      0x23c cmake/stm32cubemx/CMakeFiles/STM32_Drivers.dir/__/__/Drivers/STM32F4xx_HAL_Driver/Src/stm32f4xx_hal_i2c.c.obj
 .debug_rnglists
                0x00000256       0x66 cmake/stm32cubemx/CMakeFiles/STM32_Drivers.dir/__/__/Drivers/STM32F4xx_HAL_Driver/Src/stm32f4xx_hal_rcc.c.obj
 .debug_rnglists
                0x000002bc       0x3f cmake/stm32cubemx/CMakeFiles/STM32_Drivers.dir/__/__/Drivers/STM32F4xx_HAL_Driver/Src/stm32f4xx_hal_gpio.c.obj
 .debug_rnglists
                0x000002fb       0xdf cmake/stm32cubemx/CMakeFiles/STM32_Drivers.dir/__/__/Drivers/STM32F4xx_HAL_Driver/Src/stm32f4xx_hal_cortex.c.obj
 .debug_rnglists
                0x000003da       0xaf cmake/stm32cubemx/CMakeFiles/STM32_Drivers.dir/__/__/Drivers/STM32F4xx_HAL_Driver/Src/stm32f4xx_hal.c.obj
 .debug_rnglists
                0x00000489      0x1bc cmake/stm32cubemx/CMakeFiles/STM32_Drivers.dir/__/__/Drivers/STM32F4xx_HAL_Driver/Src/stm32f4xx_hal_uart.c.obj
 .debug_rnglists
                0x00000645       0x33 CMakeFiles/Midas_LCD_Test.dir/Core/Src/main.c.obj
 .debug_rnglists
                0x00000678       0x43 CMakeFiles/Midas_LCD_Test.dir/Core/Src/stm32f4xx_it.c.obj
 .debug_rnglists
                0x000006bb       0x2d CMakeFiles/Midas_LCD_Test.dir/Core/Src/stm32f4xx_hal_msp.c.obj
 .debug_rnglists
                0x000006e8       0x19 CMakeFiles/Midas_LCD_Test.dir/startup_stm32f401xe.s.obj

.debug_macro    0x00000000    0x14d53
 .debug_macro   0x00000000      0x1d3 cmake/stm32cubemx/CMakeFiles/STM32_Drivers.dir/__/__/Core/Src/system_stm32f4xx.c.obj
 .debug_macro   0x000001d3      0xaea cmake/stm32cubemx/CMakeFiles/STM32_Drivers.dir/__/__/Core/Src/system_stm32f4xx.c.obj
 .debug_macro   0x00000cbd       0x2e cmake/stm32cubemx/CMakeFiles/STM32_Drivers.dir/__/__/Core/Src/system_stm32f4xx.c.obj
 .debug_macro   0x00000ceb       0x28 cmake/stm32cubemx/CMakeFiles/STM32_Drivers.dir/__/__/Core/Src/system_stm32f4xx.c.obj
 .debug_macro   0x00000d13       0x22 cmake/stm32cubemx/CMakeFiles/STM32_Drivers.dir/__/__/Core/Src/system_stm32f4xx.c.obj
 .debug_macro   0x00000d35       0x8e cmake/stm32cubemx/CMakeFiles/STM32_Drivers.dir/__/__/Core/Src/system_stm32f4xx.c.obj
 .debug_macro   0x00000dc3       0x6d cmake/stm32cubemx/CMakeFiles/STM32_Drivers.dir/__/__/Core/Src/system_stm32f4xx.c.obj
 .debug_macro   0x00000e30      0x103 cmake/stm32cubemx/CMakeFiles/STM32_Drivers.dir/__/__/Core/Src/system_stm32f4xx.c.obj
 .debug_macro   0x00000f33       0x6a cmake/stm32cubemx/CMakeFiles/STM32_Drivers.dir/__/__/Core/Src/system_stm32f4xx.c.obj
 .debug_macro   0x00000f9d      0x1d0 cmake/stm32cubemx/CMakeFiles/STM32_Drivers.dir/__/__/Core/Src/system_stm32f4xx.c.obj
 .debug_macro   0x0000116d       0x1c cmake/stm32cubemx/CMakeFiles/STM32_Drivers.dir/__/__/Core/Src/system_stm32f4xx.c.obj
 .debug_macro   0x00001189       0x22 cmake/stm32cubemx/CMakeFiles/STM32_Drivers.dir/__/__/Core/Src/system_stm32f4xx.c.obj
 .debug_macro   0x000011ab       0xfb cmake/stm32cubemx/CMakeFiles/STM32_Drivers.dir/__/__/Core/Src/system_stm32f4xx.c.obj
 .debug_macro   0x000012a6     0x1011 cmake/stm32cubemx/CMakeFiles/STM32_Drivers.dir/__/__/Core/Src/system_stm32f4xx.c.obj
 .debug_macro   0x000022b7      0x11f cmake/stm32cubemx/CMakeFiles/STM32_Drivers.dir/__/__/Core/Src/system_stm32f4xx.c.obj
 .debug_macro   0x000023d6     0xb881 cmake/stm32cubemx/CMakeFiles/STM32_Drivers.dir/__/__/Core/Src/system_stm32f4xx.c.obj
 .debug_macro   0x0000dc57       0x6d cmake/stm32cubemx/CMakeFiles/STM32_Drivers.dir/__/__/Core/Src/system_stm32f4xx.c.obj
 .debug_macro   0x0000dcc4      0x29b cmake/stm32cubemx/CMakeFiles/STM32_Drivers.dir/__/__/Core/Src/system_stm32f4xx.c.obj
 .debug_macro   0x0000df5f     0x3693 cmake/stm32cubemx/CMakeFiles/STM32_Drivers.dir/__/__/Core/Src/system_stm32f4xx.c.obj
 .debug_macro   0x000115f2      0x190 cmake/stm32cubemx/CMakeFiles/STM32_Drivers.dir/__/__/Core/Src/system_stm32f4xx.c.obj
 .debug_macro   0x00011782       0x5c cmake/stm32cubemx/CMakeFiles/STM32_Drivers.dir/__/__/Core/Src/system_stm32f4xx.c.obj
 .debug_macro   0x000117de      0x416 cmake/stm32cubemx/CMakeFiles/STM32_Drivers.dir/__/__/Core/Src/system_stm32f4xx.c.obj
 .debug_macro   0x00011bf4      0x9e9 cmake/stm32cubemx/CMakeFiles/STM32_Drivers.dir/__/__/Core/Src/system_stm32f4xx.c.obj
 .debug_macro   0x000125dd      0x115 cmake/stm32cubemx/CMakeFiles/STM32_Drivers.dir/__/__/Core/Src/system_stm32f4xx.c.obj
 .debug_macro   0x000126f2       0xf8 cmake/stm32cubemx/CMakeFiles/STM32_Drivers.dir/__/__/Core/Src/system_stm32f4xx.c.obj
 .debug_macro   0x000127ea       0xa5 cmake/stm32cubemx/CMakeFiles/STM32_Drivers.dir/__/__/Core/Src/system_stm32f4xx.c.obj
 .debug_macro   0x0001288f      0x15f cmake/stm32cubemx/CMakeFiles/STM32_Drivers.dir/__/__/Core/Src/system_stm32f4xx.c.obj
 .debug_macro   0x000129ee      0x287 cmake/stm32cubemx/CMakeFiles/STM32_Drivers.dir/__/__/Core/Src/system_stm32f4xx.c.obj
 .debug_macro   0x00012c75       0x5f cmake/stm32cubemx/CMakeFiles/STM32_Drivers.dir/__/__/Core/Src/system_stm32f4xx.c.obj
 .debug_macro   0x00012cd4      0x236 cmake/stm32cubemx/CMakeFiles/STM32_Drivers.dir/__/__/Core/Src/system_stm32f4xx.c.obj
 .debug_macro   0x00012f0a      0x132 cmake/stm32cubemx/CMakeFiles/STM32_Drivers.dir/__/__/Core/Src/system_stm32f4xx.c.obj
 .debug_macro   0x0001303c      0x264 cmake/stm32cubemx/CMakeFiles/STM32_Drivers.dir/__/__/Core/Src/system_stm32f4xx.c.obj
 .debug_macro   0x000132a0       0x2e cmake/stm32cubemx/CMakeFiles/STM32_Drivers.dir/__/__/Core/Src/system_stm32f4xx.c.obj
 .debug_macro   0x000132ce      0x1b5 cmake/stm32cubemx/CMakeFiles/STM32_Drivers.dir/__/__/Core/Src/system_stm32f4xx.c.obj
 .debug_macro   0x00013483       0x22 cmake/stm32cubemx/CMakeFiles/STM32_Drivers.dir/__/__/Core/Src/system_stm32f4xx.c.obj
 .debug_macro   0x000134a5       0xd6 cmake/stm32cubemx/CMakeFiles/STM32_Drivers.dir/__/__/Core/Src/system_stm32f4xx.c.obj
 .debug_macro   0x0001357b      0x127 cmake/stm32cubemx/CMakeFiles/STM32_Drivers.dir/__/__/Core/Src/system_stm32f4xx.c.obj
 .debug_macro   0x000136a2       0x85 cmake/stm32cubemx/CMakeFiles/STM32_Drivers.dir/__/__/Core/Src/system_stm32f4xx.c.obj
 .debug_macro   0x00013727       0x89 cmake/stm32cubemx/CMakeFiles/STM32_Drivers.dir/__/__/Core/Src/system_stm32f4xx.c.obj
 .debug_macro   0x000137b0      0x2aa cmake/stm32cubemx/CMakeFiles/STM32_Drivers.dir/__/__/Core/Src/system_stm32f4xx.c.obj
 .debug_macro   0x00013a5a      0x126 cmake/stm32cubemx/CMakeFiles/STM32_Drivers.dir/__/__/Core/Src/system_stm32f4xx.c.obj
 .debug_macro   0x00013b80      0x221 cmake/stm32cubemx/CMakeFiles/STM32_Drivers.dir/__/__/Drivers/STM32F4xx_HAL_Driver/Src/stm32f4xx_hal_i2c.c.obj
 .debug_macro   0x00013da1      0x1f7 cmake/stm32cubemx/CMakeFiles/STM32_Drivers.dir/__/__/Drivers/STM32F4xx_HAL_Driver/Src/stm32f4xx_hal_rcc.c.obj
 .debug_macro   0x00013f98      0x1d9 cmake/stm32cubemx/CMakeFiles/STM32_Drivers.dir/__/__/Drivers/STM32F4xx_HAL_Driver/Src/stm32f4xx_hal_gpio.c.obj
 .debug_macro   0x00014171      0x1d3 cmake/stm32cubemx/CMakeFiles/STM32_Drivers.dir/__/__/Drivers/STM32F4xx_HAL_Driver/Src/stm32f4xx_hal_cortex.c.obj
 .debug_macro   0x00014344      0x233 cmake/stm32cubemx/CMakeFiles/STM32_Drivers.dir/__/__/Drivers/STM32F4xx_HAL_Driver/Src/stm32f4xx_hal.c.obj
 .debug_macro   0x00014577      0x1d4 cmake/stm32cubemx/CMakeFiles/STM32_Drivers.dir/__/__/Drivers/STM32F4xx_HAL_Driver/Src/stm32f4xx_hal_uart.c.obj
 .debug_macro   0x0001474b      0x1e2 CMakeFiles/Midas_LCD_Test.dir/Core/Src/main.c.obj
 .debug_macro   0x0001492d       0x58 CMakeFiles/Midas_LCD_Test.dir/Core/Src/main.c.obj
 .debug_macro   0x00014985      0x1ec CMakeFiles/Midas_LCD_Test.dir/Core/Src/stm32f4xx_it.c.obj
 .debug_macro   0x00014b71      0x1e2 CMakeFiles/Midas_LCD_Test.dir/Core/Src/stm32f4xx_hal_msp.c.obj

.debug_line     0x00000000     0xb75a
 .debug_line    0x00000000      0x849 cmake/stm32cubemx/CMakeFiles/STM32_Drivers.dir/__/__/Core/Src/system_stm32f4xx.c.obj
 .debug_line    0x00000849     0x3b72 cmake/stm32cubemx/CMakeFiles/STM32_Drivers.dir/__/__/Drivers/STM32F4xx_HAL_Driver/Src/stm32f4xx_hal_i2c.c.obj
 .debug_line    0x000043bb      0xed4 cmake/stm32cubemx/CMakeFiles/STM32_Drivers.dir/__/__/Drivers/STM32F4xx_HAL_Driver/Src/stm32f4xx_hal_rcc.c.obj
 .debug_line    0x0000528f      0xbe2 cmake/stm32cubemx/CMakeFiles/STM32_Drivers.dir/__/__/Drivers/STM32F4xx_HAL_Driver/Src/stm32f4xx_hal_gpio.c.obj
 .debug_line    0x00005e71      0xda7 cmake/stm32cubemx/CMakeFiles/STM32_Drivers.dir/__/__/Drivers/STM32F4xx_HAL_Driver/Src/stm32f4xx_hal_cortex.c.obj
 .debug_line    0x00006c18      0xac8 cmake/stm32cubemx/CMakeFiles/STM32_Drivers.dir/__/__/Drivers/STM32F4xx_HAL_Driver/Src/stm32f4xx_hal.c.obj
 .debug_line    0x000076e0     0x260d cmake/stm32cubemx/CMakeFiles/STM32_Drivers.dir/__/__/Drivers/STM32F4xx_HAL_Driver/Src/stm32f4xx_hal_uart.c.obj
 .debug_line    0x00009ced      0x903 CMakeFiles/Midas_LCD_Test.dir/Core/Src/main.c.obj
 .debug_line    0x0000a5f0      0x882 CMakeFiles/Midas_LCD_Test.dir/Core/Src/stm32f4xx_it.c.obj
 .debug_line    0x0000ae72      0x86e CMakeFiles/Midas_LCD_Test.dir/Core/Src/stm32f4xx_hal_msp.c.obj
 .debug_line    0x0000b6e0       0x7a CMakeFiles/Midas_LCD_Test.dir/startup_stm32f401xe.s.obj

.debug_str      0x00000000    0x83fbc
 .debug_str     0x00000000    0x83fbc cmake/stm32cubemx/CMakeFiles/STM32_Drivers.dir/__/__/Core/Src/system_stm32f4xx.c.obj
                              0x810c9 (size before relaxing)
 .debug_str     0x00083fbc        0x0 cmake/stm32cubemx/CMakeFiles/STM32_Drivers.dir/__/__/Drivers/STM32F4xx_HAL_Driver/Src/stm32f4xx_hal_i2c.c.obj
                              0x820da (size before relaxing)
 .debug_str     0x00083fbc        0x0 cmake/stm32cubemx/CMakeFiles/STM32_Drivers.dir/__/__/Drivers/STM32F4xx_HAL_Driver/Src/stm32f4xx_hal_rcc.c.obj
                              0x814fd (size before relaxing)
 .debug_str     0x00083fbc        0x0 cmake/stm32cubemx/CMakeFiles/STM32_Drivers.dir/__/__/Drivers/STM32F4xx_HAL_Driver/Src/stm32f4xx_hal_gpio.c.obj
                              0x81244 (size before relaxing)
 .debug_str     0x00083fbc        0x0 cmake/stm32cubemx/CMakeFiles/STM32_Drivers.dir/__/__/Drivers/STM32F4xx_HAL_Driver/Src/stm32f4xx_hal_cortex.c.obj
                              0x81855 (size before relaxing)
 .debug_str     0x00083fbc        0x0 cmake/stm32cubemx/CMakeFiles/STM32_Drivers.dir/__/__/Drivers/STM32F4xx_HAL_Driver/Src/stm32f4xx_hal.c.obj
                              0x81aeb (size before relaxing)
 .debug_str     0x00083fbc        0x0 cmake/stm32cubemx/CMakeFiles/STM32_Drivers.dir/__/__/Drivers/STM32F4xx_HAL_Driver/Src/stm32f4xx_hal_uart.c.obj
                              0x81acc (size before relaxing)
 .debug_str     0x00083fbc        0x0 CMakeFiles/Midas_LCD_Test.dir/Core/Src/main.c.obj
                              0x81ae5 (size before relaxing)
 .debug_str     0x00083fbc        0x0 CMakeFiles/Midas_LCD_Test.dir/Core/Src/stm32f4xx_it.c.obj
                              0x810b3 (size before relaxing)
 .debug_str     0x00083fbc        0x0 CMakeFiles/Midas_LCD_Test.dir/Core/Src/stm32f4xx_hal_msp.c.obj
                              0x818fb (size before relaxing)
 .debug_str     0x00083fbc        0x0 CMakeFiles/Midas_LCD_Test.dir/startup_stm32f401xe.s.obj
                                0x10c (size before relaxing)

.debug_frame    0x00000000     0x2538
 .debug_frame   0x00000000       0x58 cmake/stm32cubemx/CMakeFiles/STM32_Drivers.dir/__/__/Core/Src/system_stm32f4xx.c.obj
 .debug_frame   0x00000058      0xc84 cmake/stm32cubemx/CMakeFiles/STM32_Drivers.dir/__/__/Drivers/STM32F4xx_HAL_Driver/Src/stm32f4xx_hal_i2c.c.obj
 .debug_frame   0x00000cdc      0x1f4 cmake/stm32cubemx/CMakeFiles/STM32_Drivers.dir/__/__/Drivers/STM32F4xx_HAL_Driver/Src/stm32f4xx_hal_rcc.c.obj
 .debug_frame   0x00000ed0      0x14c cmake/stm32cubemx/CMakeFiles/STM32_Drivers.dir/__/__/Drivers/STM32F4xx_HAL_Driver/Src/stm32f4xx_hal_gpio.c.obj
 .debug_frame   0x0000101c      0x508 cmake/stm32cubemx/CMakeFiles/STM32_Drivers.dir/__/__/Drivers/STM32F4xx_HAL_Driver/Src/stm32f4xx_hal_cortex.c.obj
 .debug_frame   0x00001524      0x374 cmake/stm32cubemx/CMakeFiles/STM32_Drivers.dir/__/__/Drivers/STM32F4xx_HAL_Driver/Src/stm32f4xx_hal.c.obj
 .debug_frame   0x00001898      0x954 cmake/stm32cubemx/CMakeFiles/STM32_Drivers.dir/__/__/Drivers/STM32F4xx_HAL_Driver/Src/stm32f4xx_hal_uart.c.obj
 .debug_frame   0x000021ec       0xc4 CMakeFiles/Midas_LCD_Test.dir/Core/Src/main.c.obj
 .debug_frame   0x000022b0      0x104 CMakeFiles/Midas_LCD_Test.dir/Core/Src/stm32f4xx_it.c.obj
 .debug_frame   0x000023b4       0xc8 CMakeFiles/Midas_LCD_Test.dir/Core/Src/stm32f4xx_hal_msp.c.obj
 .debug_frame   0x0000247c       0x2c C:/Program Files (x86)/Arm/GNU Toolchain mingw-w64-i686-arm-none-eabi/bin/../lib/gcc/arm-none-eabi/15.3.1/thumb/v7e-m+fp/hard\libgcc.a(_aeabi_uldivmod.o)
 .debug_frame   0x000024a8       0x44 C:/Program Files (x86)/Arm/GNU Toolchain mingw-w64-i686-arm-none-eabi/bin/../lib/gcc/arm-none-eabi/15.3.1/thumb/v7e-m+fp/hard\libgcc.a(_udivmoddi4.o)
 .debug_frame   0x000024ec       0x20 C:/Program Files (x86)/Arm/GNU Toolchain mingw-w64-i686-arm-none-eabi/bin/../lib/gcc/arm-none-eabi/15.3.1/../../../../arm-none-eabi/lib/thumb/v7e-m+fp/hard\libg_nano.a(libc_a-memset.o)
 .debug_frame   0x0000250c       0x2c C:/Program Files (x86)/Arm/GNU Toolchain mingw-w64-i686-arm-none-eabi/bin/../lib/gcc/arm-none-eabi/15.3.1/../../../../arm-none-eabi/lib/thumb/v7e-m+fp/hard\libg_nano.a(libc_a-init.o)

.debug_line_str
                0x00000000      0x1e3
 .debug_line_str
                0x00000000      0x1e3 CMakeFiles/Midas_LCD_Test.dir/startup_stm32f401xe.s.obj
                                 0xf0 (size before relaxing)
 .debug_line_str
                0x000001e3        0x0 C:/Program Files (x86)/Arm/GNU Toolchain mingw-w64-i686-arm-none-eabi/bin/../lib/gcc/arm-none-eabi/15.3.1/thumb/v7e-m+fp/hard\libgcc.a(_aeabi_uldivmod.o)
                                 0xe7 (size before relaxing)
 .debug_line_str
                0x000001e3        0x0 C:/Program Files (x86)/Arm/GNU Toolchain mingw-w64-i686-arm-none-eabi/bin/../lib/gcc/arm-none-eabi/15.3.1/thumb/v7e-m+fp/hard\libgcc.a(_dvmd_tls.o)
                                 0xeb (size before relaxing)
